// Jest Snapshot v1, https://goo.gl/fbAQLP

exports[`<Main /> should render the heading 1`] = `
<main
  class="styles__Wrapper-dzx1ao-0 buVsLb"
>
  <img
    alt="Imagem de um átomo e React Avançado escrito ao lado"
    class="styles__Logo-dzx1ao-1 dcISKB"
    src="/images/logo.svg"
  />
  <h1
    class="styles__Title-dzx1ao-2 kSTVFj"
  >
    React Avançado
  </h1>
  <h2
    class="styles__Description-dzx1ao-3 edoRUQ"
  >
    Typescript, ReactJS, NextJS e Styled Components
  </h2>
  <img
    alt="Um desenvolvedor de frente para a tela com código"
    class="styles__Illustration-dzx1ao-4 cSlyKt"
    src="/images/hero-illustration.svg"
  />
</main>
`
